◇ injected env (10) from .env // tip: ⌘ suppress logs { quiet: true }
◇ injected env (0) from .env.local // tip: ◈ secrets for agents [www.dotenvx.com]

Running 8 tests using 2 workers

  ✓  2 [admin-desktop] › playwright-tests/admin-views.spec.ts:655:3 › US2: Activity visibility › T051 - global activity page renders and filters by entity + action together (2.4s)
  ✓  1 [admin-mobile] › playwright-tests/admin-views.spec.ts:655:3 › US2: Activity visibility › T051 - global activity page renders and filters by entity + action together (2.7s)
  ✓  3 [admin-desktop] › playwright-tests/admin-views.spec.ts:692:3 › US2: Activity visibility › T051 - order detail row expansion shows scoped activity history (2.0s)
  ✓  5 [admin-desktop] › playwright-tests/admin-views.spec.ts:720:3 › US2: Activity visibility › T051 - product detail screen shows scoped activity history (4.4s)
  ✓  4 [admin-mobile] › playwright-tests/admin-views.spec.ts:692:3 › US2: Activity visibility › T051 - order detail row expansion shows scoped activity history (6.2s)
  ✓  6 [admin-desktop] › playwright-tests/admin-views.spec.ts:756:3 › US2: Activity visibility › T051 - user row expansion shows scoped activity history (2.5s)
  ✓  7 [admin-mobile] › playwright-tests/admin-views.spec.ts:720:3 › US2: Activity visibility › T051 - product detail screen shows scoped activity history (5.2s)
  ✘  8 [admin-mobile] › playwright-tests/admin-views.spec.ts:756:3 › US2: Activity visibility › T051 - user row expansion shows scoped activity history (1.9s)


  1) [admin-mobile] › playwright-tests/admin-views.spec.ts:756:3 › US2: Activity visibility › T051 - user row expansion shows scoped activity history 

    Error: expect(locator).toBeVisible() failed

    Locator: getByText('Activity History')
    Expected: visible
    Error: strict mode violation: getByText('Activity History') resolved to 5 elements:
        1) <h2 class="text-xl font-bold tracking-tight text-slate-950 dark:text-slate-50 sm:text-2xl">Activity History</h2> aka getByRole('listitem').filter({ hasText: 'CCopilot Admincopilot@dev.' }).getByRole('heading')
        2) <h2 class="text-xl font-bold tracking-tight text-slate-950 dark:text-slate-50 sm:text-2xl">Activity History</h2> aka getByRole('listitem').filter({ hasText: 'Priya Sharmapriya.sharma@' }).getByRole('heading')
        3) <h2 class="text-xl font-bold tracking-tight text-slate-950 dark:text-slate-50 sm:text-2xl">Activity History</h2> aka getByRole('listitem').filter({ hasText: 'RRahul Mehtarahul.mehta@' }).getByRole('heading')
        4) <h2 class="text-xl font-bold tracking-tight text-slate-950 dark:text-slate-50 sm:text-2xl">Activity History</h2> aka getByRole('listitem').filter({ hasText: 'Ananya Reddyananya.reddy@' }).locator('h2')
        5) <h2 class="text-xl font-bold tracking-tight text-slate-950 dark:text-slate-50 sm:text-2xl">Activity History</h2> aka getByRole('heading', { name: 'Activity History' }).nth(4)

    Call log:
      - Expect "toBeVisible" with timeout 5000ms
      - waiting for getByText('Activity History')


      767 |     }
      768 |
    > 769 |     await expect(page.getByText('Activity History')).toBeVisible()
          |                                                      ^
      770 |     await page.screenshot({
      771 |       path: screenshotPath('admin-user-activity-history'),
      772 |       fullPage: true,
        at /home/runner/work/friendly-octo-giggle/friendly-octo-giggle/playwright-tests/admin-views.spec.ts:769:54

    attachment #1: screenshot (image/png) ──────────────────────────────────────────────────────────
    test-results/admin-views-US2-Activity-v-31442-ows-scoped-activity-history-admin-mobile/test-failed-1.png
    ────────────────────────────────────────────────────────────────────────────────────────────────

    Error Context: test-results/admin-views-US2-Activity-v-31442-ows-scoped-activity-history-admin-mobile/error-context.md

  1 failed
    [admin-mobile] › playwright-tests/admin-views.spec.ts:756:3 › US2: Activity visibility › T051 - user row expansion shows scoped activity history 
  7 passed (22.5s)
