◇ injected env (10) from .env // tip: ⌘ multiple files { path: ['.env.local', '.env'] }
◇ injected env (0) from .env.local // tip: ⌘ override existing { override: true }

Running 4 tests using 1 worker

  ✓  1 [admin-desktop] › playwright-tests/admin-views.spec.ts:655:3 › US2: Activity visibility › T051 - global activity page renders and filters by entity + action together (3.0s)
  ✘  2 [admin-desktop] › playwright-tests/admin-views.spec.ts:692:3 › US2: Activity visibility › T051 - order detail row expansion shows scoped activity history (1.2s)
  ✓  3 [admin-desktop] › playwright-tests/admin-views.spec.ts:720:3 › US2: Activity visibility › T051 - product detail screen shows scoped activity history (3.6s)
  ✓  4 [admin-desktop] › playwright-tests/admin-views.spec.ts:756:3 › US2: Activity visibility › T051 - user row expansion shows scoped activity history (1.8s)


  1) [admin-desktop] › playwright-tests/admin-views.spec.ts:692:3 › US2: Activity visibility › T051 - order detail row expansion shows scoped activity history 

    Error: expect(locator).toBeVisible() failed

    Locator: getByText('SHIPPED')
    Expected: visible
    Error: strict mode violation: getByText('SHIPPED') resolved to 4 elements:
        1) <button type="button" aria-pressed="false" class="rounded-full px-4 py-2 text-sm font-semibold whitespace-nowrap transition border border-slate-200 bg-white text-slate-600 hover:border-slate-300 hover:text-slate-950">SHIPPED</button> aka getByRole('button', { name: 'SHIPPED', exact: true })
        2) <option value="SHIPPED">SHIPPED</option> aka getByLabel('Change status for order')
        3) <dd class="text-slate-600 dark:text-slate-300">…</dd> aka getByText('After: SHIPPED')
        4) <td class="DataTable-module_td__kjyJu">SHIPPED</td> aka getByRole('button', { name: 'Select row ord0002 ord0002' })

    Call log:
      - Expect "toBeVisible" with timeout 5000ms
      - waiting for getByText('SHIPPED')


      711 |
      712 |     await expect(page.getByText('Activity History')).toBeVisible()
    > 713 |     await expect(page.getByText('SHIPPED')).toBeVisible()
          |                                             ^
      714 |     await page.screenshot({
      715 |       path: screenshotPath('admin-order-activity-history'),
      716 |       fullPage: true,
        at /home/runner/work/friendly-octo-giggle/friendly-octo-giggle/playwright-tests/admin-views.spec.ts:713:45

    attachment #1: screenshot (image/png) ──────────────────────────────────────────────────────────
    test-results/admin-views-US2-Activity-v-5eb34-ows-scoped-activity-history-admin-desktop/test-failed-1.png
    ────────────────────────────────────────────────────────────────────────────────────────────────

    Error Context: test-results/admin-views-US2-Activity-v-5eb34-ows-scoped-activity-history-admin-desktop/error-context.md

  1 failed
    [admin-desktop] › playwright-tests/admin-views.spec.ts:692:3 › US2: Activity visibility › T051 - order detail row expansion shows scoped activity history 
  3 passed (17.0s)
