◇ injected env (10) from .env // tip: ⌁ auth for agents [www.vestauth.com]
◇ injected env (0) from .env.local // tip: ⌘ enable debugging { debug: true }

Running 4 tests using 2 workers

  ✘  2 [admin-desktop] › playwright-tests/admin-views.spec.ts:632:3 › Admin Users - role change confirmation › refuses self-demotion and leaves the role unchanged (1.8s)
  ✘  1 [admin-mobile] › playwright-tests/admin-views.spec.ts:632:3 › Admin Users - role change confirmation › refuses self-demotion and leaves the role unchanged (1.9s)
  ✘  3 [admin-desktop] › playwright-tests/admin-views.spec.ts:670:3 › Admin Users - role change confirmation › refuses removing the last administrator and leaves the role unchanged (2.3s)
  ✘  4 [admin-mobile] › playwright-tests/admin-views.spec.ts:670:3 › Admin Users - role change confirmation › refuses removing the last administrator and leaves the role unchanged (2.1s)


  1) [admin-desktop] › playwright-tests/admin-views.spec.ts:632:3 › Admin Users - role change confirmation › refuses self-demotion and leaves the role unchanged 

    Error: locator.click: Error: strict mode violation: getByRole('button', { name: 'Confirm' }) resolved to 2 elements:
        1) <button type="button" aria-label="Close confirmation dialog" class="rounded-full p-2 text-slate-500 transition hover:bg-slate-100 hover:text-slate-900 disabled:opacity-60 dark:hover:bg-slate-900 dark:hover:text-slate-100">×</button> aka getByRole('button', { name: 'Close confirmation dialog' })
        2) <button type="button" class="rounded-full px-4 py-2 text-sm font-semibold text-white transition bg-red-600 hover:bg-red-700 disabled:bg-red-400">Confirm</button> aka getByRole('button', { name: 'Confirm', exact: true })

    Call log:
      - waiting for getByRole('button', { name: 'Confirm' })


      656 |     await expect(page.getByRole('dialog')).toBeVisible()
      657 |     await page.getByRole('textbox').fill('CHANGE ROLE')
    > 658 |     await page.getByRole('button', { name: 'Confirm' }).click()
          |                                                         ^
      659 |     await expect(page.getByRole('dialog')).not.toBeVisible()
      660 |
      661 |     // The server refused the change, so the list was never refreshed and
        at /home/runner/work/friendly-octo-giggle/friendly-octo-giggle/playwright-tests/admin-views.spec.ts:658:57

    attachment #1: screenshot (image/png) ──────────────────────────────────────────────────────────
    test-results/admin-views-Admin-Users----67ee6-d-leaves-the-role-unchanged-admin-desktop/test-failed-1.png
    ────────────────────────────────────────────────────────────────────────────────────────────────

    Error Context: test-results/admin-views-Admin-Users----67ee6-d-leaves-the-role-unchanged-admin-desktop/error-context.md

  2) [admin-desktop] › playwright-tests/admin-views.spec.ts:670:3 › Admin Users - role change confirmation › refuses removing the last administrator and leaves the role unchanged 

    Error: locator.click: Error: strict mode violation: getByRole('button', { name: 'Confirm' }) resolved to 2 elements:
        1) <button type="button" aria-label="Close confirmation dialog" class="rounded-full p-2 text-slate-500 transition hover:bg-slate-100 hover:text-slate-900 disabled:opacity-60 dark:hover:bg-slate-900 dark:hover:text-slate-100">×</button> aka getByRole('button', { name: 'Close confirmation dialog' })
        2) <button type="button" class="rounded-full px-4 py-2 text-sm font-semibold text-white transition bg-red-600 hover:bg-red-700 disabled:bg-red-400">Confirm</button> aka getByRole('button', { name: 'Confirm', exact: true })

    Call log:
      - waiting for getByRole('button', { name: 'Confirm' })


      711 |     await expect(page.getByRole('dialog')).toBeVisible()
      712 |     await page.getByRole('textbox').fill('CHANGE ROLE')
    > 713 |     await page.getByRole('button', { name: 'Confirm' }).click()
          |                                                         ^
      714 |     await expect(page.getByRole('dialog')).not.toBeVisible()
      715 |
      716 |     await expect(targetRoleSelect).toHaveValue('ADMIN')
        at /home/runner/work/friendly-octo-giggle/friendly-octo-giggle/playwright-tests/admin-views.spec.ts:713:57

    attachment #1: screenshot (image/png) ──────────────────────────────────────────────────────────
    test-results/admin-views-Admin-Users----7fbdb-d-leaves-the-role-unchanged-admin-desktop/test-failed-1.png
    ────────────────────────────────────────────────────────────────────────────────────────────────

    Error Context: test-results/admin-views-Admin-Users----7fbdb-d-leaves-the-role-unchanged-admin-desktop/error-context.md

  3) [admin-mobile] › playwright-tests/admin-views.spec.ts:632:3 › Admin Users - role change confirmation › refuses self-demotion and leaves the role unchanged 

    Error: locator.click: Error: strict mode violation: getByRole('button', { name: 'Confirm' }) resolved to 2 elements:
        1) <button type="button" aria-label="Close confirmation dialog" class="rounded-full p-2 text-slate-500 transition hover:bg-slate-100 hover:text-slate-900 disabled:opacity-60 dark:hover:bg-slate-900 dark:hover:text-slate-100">×</button> aka getByRole('button', { name: 'Close confirmation dialog' })
        2) <button type="button" class="rounded-full px-4 py-2 text-sm font-semibold text-white transition bg-red-600 hover:bg-red-700 disabled:bg-red-400">Confirm</button> aka getByRole('button', { name: 'Confirm', exact: true })

    Call log:
      - waiting for getByRole('button', { name: 'Confirm' })


      656 |     await expect(page.getByRole('dialog')).toBeVisible()
      657 |     await page.getByRole('textbox').fill('CHANGE ROLE')
    > 658 |     await page.getByRole('button', { name: 'Confirm' }).click()
          |                                                         ^
      659 |     await expect(page.getByRole('dialog')).not.toBeVisible()
      660 |
      661 |     // The server refused the change, so the list was never refreshed and
        at /home/runner/work/friendly-octo-giggle/friendly-octo-giggle/playwright-tests/admin-views.spec.ts:658:57

    attachment #1: screenshot (image/png) ──────────────────────────────────────────────────────────
    test-results/admin-views-Admin-Users----67ee6-d-leaves-the-role-unchanged-admin-mobile/test-failed-1.png
    ────────────────────────────────────────────────────────────────────────────────────────────────

    Error Context: test-results/admin-views-Admin-Users----67ee6-d-leaves-the-role-unchanged-admin-mobile/error-context.md

  4) [admin-mobile] › playwright-tests/admin-views.spec.ts:670:3 › Admin Users - role change confirmation › refuses removing the last administrator and leaves the role unchanged 

    Error: locator.click: Error: strict mode violation: getByRole('button', { name: 'Confirm' }) resolved to 2 elements:
        1) <button type="button" aria-label="Close confirmation dialog" class="rounded-full p-2 text-slate-500 transition hover:bg-slate-100 hover:text-slate-900 disabled:opacity-60 dark:hover:bg-slate-900 dark:hover:text-slate-100">×</button> aka getByRole('button', { name: 'Close confirmation dialog' })
        2) <button type="button" class="rounded-full px-4 py-2 text-sm font-semibold text-white transition bg-red-600 hover:bg-red-700 disabled:bg-red-400">Confirm</button> aka getByRole('button', { name: 'Confirm', exact: true })

    Call log:
      - waiting for getByRole('button', { name: 'Confirm' })


      711 |     await expect(page.getByRole('dialog')).toBeVisible()
      712 |     await page.getByRole('textbox').fill('CHANGE ROLE')
    > 713 |     await page.getByRole('button', { name: 'Confirm' }).click()
          |                                                         ^
      714 |     await expect(page.getByRole('dialog')).not.toBeVisible()
      715 |
      716 |     await expect(targetRoleSelect).toHaveValue('ADMIN')
        at /home/runner/work/friendly-octo-giggle/friendly-octo-giggle/playwright-tests/admin-views.spec.ts:713:57

    attachment #1: screenshot (image/png) ──────────────────────────────────────────────────────────
    test-results/admin-views-Admin-Users----7fbdb-d-leaves-the-role-unchanged-admin-mobile/test-failed-1.png
    ────────────────────────────────────────────────────────────────────────────────────────────────

    Error Context: test-results/admin-views-Admin-Users----7fbdb-d-leaves-the-role-unchanged-admin-mobile/error-context.md

  4 failed
    [admin-desktop] › playwright-tests/admin-views.spec.ts:632:3 › Admin Users - role change confirmation › refuses self-demotion and leaves the role unchanged 
    [admin-desktop] › playwright-tests/admin-views.spec.ts:670:3 › Admin Users - role change confirmation › refuses removing the last administrator and leaves the role unchanged 
    [admin-mobile] › playwright-tests/admin-views.spec.ts:632:3 › Admin Users - role change confirmation › refuses self-demotion and leaves the role unchanged 
    [admin-mobile] › playwright-tests/admin-views.spec.ts:670:3 › Admin Users - role change confirmation › refuses removing the last administrator and leaves the role unchanged 
