◇ injected env (10) from .env // tip: ⌘ override existing { override: true }
◇ injected env (0) from .env.local // tip: ⌘ override existing { override: true }

Running 4 tests using 1 worker

  ✘  1 [admin-desktop] › playwright-tests/admin-views.spec.ts:655:3 › US2: Activity visibility › T051 - global activity page renders and filters by entity + action together (6.9s)
  ✘  2 [admin-desktop] › playwright-tests/admin-views.spec.ts:687:3 › US2: Activity visibility › T051 - order detail row expansion shows scoped activity history (30.1s)
  ✓  3 [admin-desktop] › playwright-tests/admin-views.spec.ts:709:3 › US2: Activity visibility › T051 - product detail screen shows scoped activity history (7.8s)
  ✓  4 [admin-desktop] › playwright-tests/admin-views.spec.ts:745:3 › US2: Activity visibility › T051 - user row expansion shows scoped activity history (2.6s)


  1) [admin-desktop] › playwright-tests/admin-views.spec.ts:655:3 › US2: Activity visibility › T051 - global activity page renders and filters by entity + action together 

    Error: expect(locator).toBeVisible() failed

    Locator:  getByText('status_change').first()
    Expected: visible
    Received: hidden
    Timeout:  5000ms

    Call log:
      - Expect "toBeVisible" with timeout 5000ms
      - waiting for getByText('status_change').first()
        14 × locator resolved to <option value="status_change">status_change</option>
           - unexpected value "hidden"


      661 |
      662 |     // Unfiltered: every mock entry's action text is present.
    > 663 |     await expect(page.getByText('status_change').first()).toBeVisible()
          |                                                           ^
      664 |     await expect(page.getByText('refund').first()).toBeVisible()
      665 |     await expect(page.getByText('role_change').first()).toBeVisible()
      666 |
        at /home/runner/work/friendly-octo-giggle/friendly-octo-giggle/playwright-tests/admin-views.spec.ts:663:59

    attachment #1: screenshot (image/png) ──────────────────────────────────────────────────────────
    test-results/admin-views-US2-Activity-v-dd751-s-by-entity-action-together-admin-desktop/test-failed-1.png
    ────────────────────────────────────────────────────────────────────────────────────────────────

    Error Context: test-results/admin-views-US2-Activity-v-dd751-s-by-entity-action-together-admin-desktop/error-context.md

  2) [admin-desktop] › playwright-tests/admin-views.spec.ts:687:3 › US2: Activity visibility › T051 - order detail row expansion shows scoped activity history 

    Test timeout of 30000ms exceeded.

    Error: locator.click: Test timeout of 30000ms exceeded.
    Call log:
      - waiting for getByRole('button', { name: /show details/i }).first()


      697 |       .getByRole('button', { name: /show details/i })
      698 |       .first()
    > 699 |       .click()
          |        ^
      700 |
      701 |     await expect(page.getByText('Activity History')).toBeVisible()
      702 |     await expect(page.getByText('SHIPPED')).toBeVisible()
        at /home/runner/work/friendly-octo-giggle/friendly-octo-giggle/playwright-tests/admin-views.spec.ts:699:8

    attachment #1: screenshot (image/png) ──────────────────────────────────────────────────────────
    test-results/admin-views-US2-Activity-v-5eb34-ows-scoped-activity-history-admin-desktop/test-failed-1.png
    ────────────────────────────────────────────────────────────────────────────────────────────────

    Error Context: test-results/admin-views-US2-Activity-v-5eb34-ows-scoped-activity-history-admin-desktop/error-context.md

  2 failed
    [admin-desktop] › playwright-tests/admin-views.spec.ts:655:3 › US2: Activity visibility › T051 - global activity page renders and filters by entity + action together 
    [admin-desktop] › playwright-tests/admin-views.spec.ts:687:3 › US2: Activity visibility › T051 - order detail row expansion shows scoped activity history 
  2 passed (55.3s)
